------------------------------------------------------------------------------------------------------------------------------------------------------
2026-07-01
+ Menambahkan Auto Label untuk membuat label otomatis pada page aktif.
+ Menambahkan pengaturan posisi label: Tag, Left, dan Right.
+ Menambahkan format teks: Bold, Italic, Uppercase, Small Caps, Fraction Number, Em Dash, Colorize, dan Font Size 4-24 pt.

------------------------------------------------------------------------------------------------------------------------------------------------------
2026-08-20
~ Memperbaiki positioning label agar lebih akurat dan konsisten terhadap posisi yang dipilih.

------------------------------------------------------------------------------------------------------------------------------------------------------
2026-08-21
+ Menambahkan pilihan label Kiss Cut Hires.
~ Merapikan nama pilihan fungsi dan interface UserForm agar lebih mudah dipahami.

------------------------------------------------------------------------------------------------------------------------------------------------------
2026-09-04
+ Menambahkan penyimpanan konfigurasi Auto Label dan Auto Label BP.
+ CheckBox, OptionButton, `cmbFontSize`, dan pilihan operator Auto Label BP kini dapat dimuat kembali otomatis.

------------------------------------------------------------------------------------------------------------------------------------------------------
2026-09-27
+ Auto Label mendukung token `/*~` di tengah teks untuk mengambil nama folder pelanggan dari lokasi CDR aktif.
+ Folder PART bernomor menambahkan baris `PT.n` di akhir label hanya pada `optKissLabel`; nol di depan nomor dihapus.
+ MacroRunner dapat menjalankan behavior AutoLabelWizard dengan pengaturan kontrol dan `@cmdSubmit`; kontrol yang tidak disebut tetap memakai konfigurasi AutoLabel tersimpan.
~ `optHiDie` memakai kapital awal tiap kata pada nama pelanggan. `chkUppercase` tetap mengubah seluruh teks, dan uppercase bawaan `optKissLabel` tetap berlaku.

------------------------------------------------------------------------------------------------------------------------------------------------------
2026-09-28
+ Auto Label BP kini mendukung token `/*~` dan gabungan teks dengan token, termasuk baris PART bernomor pada `optKissLabel`.
+ MacroRunner dapat mengisi opsi AutoLabelWizardBP, termasuk pilihan operator, lalu membuat label melalui `@cmdSubmit`.
